// Vitest Snapshot v1, https://vitest.dev/guide/snapshot.html

exports[`help command > should display the help message 1`] = `
"Usage: logic-pro-explorer [command] [options]

A CLI tool to query and analyze .logicx project files on your system.

Options:
  -v, --version     Displays the version number.
  -h, --help        Displays this help message.

Commands:
  config [options]  Set configuration options.
  tree [options]    Displays a tree of Logic projects or components.
  find              Find projects that are using the selected components.
  info [options]    Display information about the selected project or
                    component.
  uninstall         Remove logic-pro-explorer from your computer.
  help              Displays this help message.
"
`;
